query: '\tcell'
  0: '\tcell'
query: 'cell\ta1'
  0: 'cell\ta1'
query: 'cell\ta2\t'
  0: 'cell\ta2\t'
query: 'cell\ta12\t'
  0: 'cell\ta12\t'
query: '\t'
  0: '\t'
query: '\t\t'
  0: '\t\t'
query: 'ce'
  0: 'cell\ta1'
  1: 'cell\ta2\t'
  2: 'cell\ta12\t'
  3: 'ce\0ll00'
