BalancePlan: { (1[118070..137446], rs1, rs4), (1[247766..264226], rs1, rs4), (1[215174..231363], rs1, rs4), (1[376509..390136], rs1, rs2), (0/0[0/0:ÿÿ..ÿÿ], rs1, rs4), (1[480946..ÿÿ], rs1, rs4) }
BalancePlan: { (1[118070..137446], rs1, rs4), (1[247766..264226], rs1, rs4), (1[215174..231363], rs1, rs4), (1[376509..390136], rs1, rs2), (0/0[0/0:ÿÿ..ÿÿ], rs1, rs4), (1[480946..ÿÿ], rs1, rs4) }
BalancePlan: { (1[200668..215174], rs1, rs4) }
BalancePlan: {  }
