0.tmp
1.tmp
2.tmp
3.tmp
4.tmp
5
5.tmp
6
6.tmp
7
7.tmp
8
8.tmp
9
9.tmp
10
10.tmp
11
11.tmp
12
12.tmp
13
13.tmp
14
14.tmp
15
