INFO commTestTimeout : Event: type=ERROR "HYPERTABLE request timeout" from=127.0.0.1:32998
INFO commTestTimeout : Event: type=ERROR "HYPERTABLE request timeout" from=127.0.0.1:32998
